exports[`DataTable should create component 1`] = `
<div
  className="table-responsive">
  <table
    className="b-data-table table table-bordered">
    <thead>
      <tr />
    </thead>
    <tbody>
      <tr>
        <td
          colSpan={0}>
          No results found. Please update your search input and try again.
        </td>
      </tr>
    </tbody>
  </table>
</div>
`;
